1769397841.527219 client started (2085771): version 3.4, socket /tmp/tmux-1000/default, protocol 8
1769397841.527268 on Linux 6.14.0-37-generic #37~24.04.1-Ubuntu SMP PREEMPT_DYNAMIC Thu Nov 20 10:25:38 UTC 2
1769397841.527273 using libevent 2.1.12-stable poll
1769397841.527276 using ncurses 6.4 20240113
1769397841.527315 flags are 0x18010000
1769397841.527345 socket is /tmp/tmux-1000/default
1769397841.527371 trying connect
1769397841.527395 connect failed: No such file or directory
1769397841.527404 lock file is /tmp/tmux-1000/default.lock
1769397841.527433 flock succeeded
1769397841.527440 got lock (7)
1769397841.527448 trying connect
1769397841.527457 connect failed: No such file or directory
1769397841.527794 add peer 0x59216993af30: 8 ((nil))
1769397841.528230 sending message 100 to peer 0x59216993af30 (4 bytes)
1769397841.528239 sending message 111 to peer 0x59216993af30 (8 bytes)
1769397841.528244 sending message 101 to peer 0x59216993af30 (15 bytes)
1769397841.528247 sending message 109 to peer 0x59216993af30 (4 bytes)
1769397841.528251 sending message 102 to peer 0x59216993af30 (11 bytes)
1769397841.528255 sending message 108 to peer 0x59216993af30 (28 bytes)
1769397841.528258 sending message 112 to peer 0x59216993af30 (58 bytes)
1769397841.528262 sending message 112 to peer 0x59216993af30 (5 bytes)
1769397841.528266 sending message 112 to peer 0x59216993af30 (5 bytes)
1769397841.528269 sending message 112 to peer 0x59216993af30 (6 bytes)
1769397841.528272 sending message 112 to peer 0x59216993af30 (6 bytes)
1769397841.528276 sending message 112 to peer 0x59216993af30 (11 bytes)
1769397841.528280 sending message 112 to peer 0x59216993af30 (10 bytes)
1769397841.528286 sending message 112 to peer 0x59216993af30 (13 bytes)
1769397841.528289 sending message 112 to peer 0x59216993af30 (14 bytes)
1769397841.528293 sending message 112 to peer 0x59216993af30 (19 bytes)
1769397841.528297 sending message 112 to peer 0x59216993af30 (11 bytes)
1769397841.528301 sending message 112 to peer 0x59216993af30 (10 bytes)
1769397841.528305 sending message 112 to peer 0x59216993af30 (15 bytes)
1769397841.528308 sending message 112 to peer 0x59216993af30 (21 bytes)
1769397841.528311 sending message 112 to peer 0x59216993af30 (13 bytes)
1769397841.528315 sending message 112 to peer 0x59216993af30 (7 bytes)
1769397841.528319 sending message 112 to peer 0x59216993af30 (13 bytes)
1769397841.528322 sending message 112 to peer 0x59216993af30 (7 bytes)
1769397841.528325 sending message 112 to peer 0x59216993af30 (13 bytes)
1769397841.528329 sending message 112 to peer 0x59216993af30 (9 bytes)
1769397841.528332 sending message 112 to peer 0x59216993af30 (21 bytes)
1769397841.528336 sending message 112 to peer 0x59216993af30 (13 bytes)
1769397841.528339 sending message 112 to peer 0x59216993af30 (9 bytes)
1769397841.528343 sending message 112 to peer 0x59216993af30 (16 bytes)
1769397841.528346 sending message 112 to peer 0x59216993af30 (13 bytes)
1769397841.528350 sending message 112 to peer 0x59216993af30 (9 bytes)
1769397841.528353 sending message 112 to peer 0x59216993af30 (9 bytes)
1769397841.528357 sending message 112 to peer 0x59216993af30 (12 bytes)
1769397841.528360 sending message 112 to peer 0x59216993af30 (8 bytes)
1769397841.528364 sending message 112 to peer 0x59216993af30 (8 bytes)
1769397841.528367 sending message 112 to peer 0x59216993af30 (13 bytes)
1769397841.528371 sending message 112 to peer 0x59216993af30 (7 bytes)
1769397841.528374 sending message 112 to peer 0x59216993af30 (7 bytes)
1769397841.528378 sending message 112 to peer 0x59216993af30 (9 bytes)
1769397841.528381 sending message 112 to peer 0x59216993af30 (9 bytes)
1769397841.528384 sending message 112 to peer 0x59216993af30 (15 bytes)
1769397841.528388 sending message 112 to peer 0x59216993af30 (13 bytes)
1769397841.528393 sending message 112 to peer 0x59216993af30 (12 bytes)
1769397841.528397 sending message 112 to peer 0x59216993af30 (8 bytes)
1769397841.528401 sending message 112 to peer 0x59216993af30 (14 bytes)
1769397841.528408 sending message 112 to peer 0x59216993af30 (11 bytes)
1769397841.528420 sending message 112 to peer 0x59216993af30 (9 bytes)
1769397841.528454 sending message 112 to peer 0x59216993af30 (10 bytes)
1769397841.528461 sending message 112 to peer 0x59216993af30 (10 bytes)
1769397841.528465 sending message 112 to peer 0x59216993af30 (10 bytes)
1769397841.528469 sending message 112 to peer 0x59216993af30 (10 bytes)
1769397841.528473 sending message 112 to peer 0x59216993af30 (11 bytes)
1769397841.528477 sending message 112 to peer 0x59216993af30 (12 bytes)
1769397841.528480 sending message 112 to peer 0x59216993af30 (12 bytes)
1769397841.528485 sending message 112 to peer 0x59216993af30 (12 bytes)
1769397841.528489 sending message 112 to peer 0x59216993af30 (12 bytes)
1769397841.528492 sending message 112 to peer 0x59216993af30 (12 bytes)
1769397841.528497 sending message 112 to peer 0x59216993af30 (11 bytes)
1769397841.528501 sending message 112 to peer 0x59216993af30 (11 bytes)
1769397841.528504 sending message 112 to peer 0x59216993af30 (12 bytes)
1769397841.528509 sending message 112 to peer 0x59216993af30 (12 bytes)
1769397841.528513 sending message 112 to peer 0x59216993af30 (12 bytes)
1769397841.528516 sending message 112 to peer 0x59216993af30 (12 bytes)
1769397841.528520 sending message 112 to peer 0x59216993af30 (12 bytes)
1769397841.528524 sending message 112 to peer 0x59216993af30 (9 bytes)
1769397841.528528 sending message 112 to peer 0x59216993af30 (12 bytes)
1769397841.528532 sending message 112 to peer 0x59216993af30 (13 bytes)
1769397841.528537 sending message 112 to peer 0x59216993af30 (13 bytes)
1769397841.528542 sending message 112 to peer 0x59216993af30 (13 bytes)
1769397841.528546 sending message 112 to peer 0x59216993af30 (13 bytes)
1769397841.528551 sending message 112 to peer 0x59216993af30 (13 bytes)
1769397841.528556 sending message 112 to peer 0x59216993af30 (8 bytes)
1769397841.528561 sending message 112 to peer 0x59216993af30 (11 bytes)
1769397841.528566 sending message 112 to peer 0x59216993af30 (11 bytes)
1769397841.528571 sending message 112 to peer 0x59216993af30 (11 bytes)
1769397841.528576 sending message 112 to peer 0x59216993af30 (12 bytes)
1769397841.528580 sending message 112 to peer 0x59216993af30 (12 bytes)
1769397841.528583 sending message 112 to peer 0x59216993af30 (12 bytes)
1769397841.528587 sending message 112 to peer 0x59216993af30 (12 bytes)
1769397841.528591 sending message 112 to peer 0x59216993af30 (13 bytes)
1769397841.528596 sending message 112 to peer 0x59216993af30 (13 bytes)
1769397841.528601 sending message 112 to peer 0x59216993af30 (13 bytes)
1769397841.528606 sending message 112 to peer 0x59216993af30 (8 bytes)
1769397841.528612 sending message 112 to peer 0x59216993af30 (13 bytes)
1769397841.528617 sending message 112 to peer 0x59216993af30 (13 bytes)
1769397841.528622 sending message 112 to peer 0x59216993af30 (13 bytes)
1769397841.528627 sending message 112 to peer 0x59216993af30 (13 bytes)
1769397841.528632 sending message 112 to peer 0x59216993af30 (13 bytes)
1769397841.528637 sending message 112 to peer 0x59216993af30 (12 bytes)
1769397841.528643 sending message 112 to peer 0x59216993af30 (12 bytes)
1769397841.528646 sending message 112 to peer 0x59216993af30 (12 bytes)
1769397841.528651 sending message 112 to peer 0x59216993af30 (12 bytes)
1769397841.528656 sending message 112 to peer 0x59216993af30 (13 bytes)
1769397841.528660 sending message 112 to peer 0x59216993af30 (8 bytes)
1769397841.528663 sending message 112 to peer 0x59216993af30 (13 bytes)
1769397841.528667 sending message 112 to peer 0x59216993af30 (13 bytes)
1769397841.528670 sending message 112 to peer 0x59216993af30 (13 bytes)
1769397841.528674 sending message 112 to peer 0x59216993af30 (13 bytes)
1769397841.528678 sending message 112 to peer 0x59216993af30 (13 bytes)
1769397841.528683 sending message 112 to peer 0x59216993af30 (13 bytes)
1769397841.528688 sending message 112 to peer 0x59216993af30 (13 bytes)
1769397841.528692 sending message 112 to peer 0x59216993af30 (12 bytes)
1769397841.528697 sending message 112 to peer 0x59216993af30 (12 bytes)
1769397841.528705 sending message 112 to peer 0x59216993af30 (12 bytes)
1769397841.528710 sending message 112 to peer 0x59216993af30 (8 bytes)
1769397841.528715 sending message 112 to peer 0x59216993af30 (12 bytes)
1769397841.528720 sending message 112 to peer 0x59216993af30 (13 bytes)
1769397841.528724 sending message 112 to peer 0x59216993af30 (13 bytes)
1769397841.528728 sending message 112 to peer 0x59216993af30 (13 bytes)
1769397841.528733 sending message 112 to peer 0x59216993af30 (13 bytes)
1769397841.528738 sending message 112 to peer 0x59216993af30 (13 bytes)
1769397841.528743 sending message 112 to peer 0x59216993af30 (13 bytes)
1769397841.528748 sending message 112 to peer 0x59216993af30 (13 bytes)
1769397841.528753 sending message 112 to peer 0x59216993af30 (13 bytes)
1769397841.528757 sending message 112 to peer 0x59216993af30 (12 bytes)
1769397841.528762 sending message 112 to peer 0x59216993af30 (10 bytes)
1769397841.528767 sending message 112 to peer 0x59216993af30 (12 bytes)
1769397841.528772 sending message 112 to peer 0x59216993af30 (12 bytes)
1769397841.528777 sending message 112 to peer 0x59216993af30 (12 bytes)
1769397841.528781 sending message 112 to peer 0x59216993af30 (13 bytes)
1769397841.528785 sending message 112 to peer 0x59216993af30 (13 bytes)
1769397841.528790 sending message 112 to peer 0x59216993af30 (13 bytes)
1769397841.528795 sending message 112 to peer 0x59216993af30 (13 bytes)
1769397841.528800 sending message 112 to peer 0x59216993af30 (13 bytes)
1769397841.528804 sending message 112 to peer 0x59216993af30 (13 bytes)
1769397841.528809 sending message 112 to peer 0x59216993af30 (13 bytes)
1769397841.528814 sending message 112 to peer 0x59216993af30 (10 bytes)
1769397841.528819 sending message 112 to peer 0x59216993af30 (13 bytes)
1769397841.528824 sending message 112 to peer 0x59216993af30 (12 bytes)
1769397841.528829 sending message 112 to peer 0x59216993af30 (12 bytes)
1769397841.528833 sending message 112 to peer 0x59216993af30 (12 bytes)
1769397841.528838 sending message 112 to peer 0x59216993af30 (10 bytes)
1769397841.528843 sending message 112 to peer 0x59216993af30 (10 bytes)
1769397841.528848 sending message 112 to peer 0x59216993af30 (10 bytes)
1769397841.528853 sending message 112 to peer 0x59216993af30 (12 bytes)
1769397841.528858 sending message 112 to peer 0x59216993af30 (13 bytes)
1769397841.528863 sending message 112 to peer 0x59216993af30 (13 bytes)
1769397841.528867 sending message 112 to peer 0x59216993af30 (13 bytes)
1769397841.528872 sending message 112 to peer 0x59216993af30 (13 bytes)
1769397841.528876 sending message 112 to peer 0x59216993af30 (13 bytes)
1769397841.528880 sending message 112 to peer 0x59216993af30 (10 bytes)
1769397841.528885 sending message 112 to peer 0x59216993af30 (11 bytes)
1769397841.528889 sending message 112 to peer 0x59216993af30 (12 bytes)
1769397841.528893 sending message 112 to peer 0x59216993af30 (12 bytes)
1769397841.528898 sending message 112 to peer 0x59216993af30 (12 bytes)
1769397841.528903 sending message 112 to peer 0x59216993af30 (12 bytes)
1769397841.528908 sending message 112 to peer 0x59216993af30 (12 bytes)
1769397841.528913 sending message 112 to peer 0x59216993af30 (11 bytes)
1769397841.528917 sending message 112 to peer 0x59216993af30 (12 bytes)
1769397841.528922 sending message 112 to peer 0x59216993af30 (12 bytes)
1769397841.528927 sending message 112 to peer 0x59216993af30 (13 bytes)
1769397841.528931 sending message 112 to peer 0x59216993af30 (13 bytes)
1769397841.528935 sending message 112 to peer 0x59216993af30 (13 bytes)
1769397841.528940 sending message 112 to peer 0x59216993af30 (13 bytes)
1769397841.528945 sending message 112 to peer 0x59216993af30 (13 bytes)
1769397841.528950 sending message 112 to peer 0x59216993af30 (10 bytes)
1769397841.528955 sending message 112 to peer 0x59216993af30 (9 bytes)
1769397841.528960 sending message 112 to peer 0x59216993af30 (12 bytes)
1769397841.528965 sending message 112 to peer 0x59216993af30 (13 bytes)
1769397841.528969 sending message 112 to peer 0x59216993af30 (13 bytes)
1769397841.528976 sending message 112 to peer 0x59216993af30 (13 bytes)
1769397841.528980 sending message 112 to peer 0x59216993af30 (13 bytes)
1769397841.528984 sending message 112 to peer 0x59216993af30 (13 bytes)
1769397841.528988 sending message 112 to peer 0x59216993af30 (9 bytes)
1769397841.528992 sending message 112 to peer 0x59216993af30 (12 bytes)
1769397841.528997 sending message 112 to peer 0x59216993af30 (13 bytes)
1769397841.529002 sending message 112 to peer 0x59216993af30 (13 bytes)
1769397841.529006 sending message 112 to peer 0x59216993af30 (13 bytes)
1769397841.529010 sending message 112 to peer 0x59216993af30 (13 bytes)
1769397841.529015 sending message 112 to peer 0x59216993af30 (13 bytes)
1769397841.529020 sending message 112 to peer 0x59216993af30 (11 bytes)
1769397841.529025 sending message 112 to peer 0x59216993af30 (12 bytes)
1769397841.529030 sending message 112 to peer 0x59216993af30 (13 bytes)
1769397841.529034 sending message 112 to peer 0x59216993af30 (13 bytes)
1769397841.529039 sending message 112 to peer 0x59216993af30 (13 bytes)
1769397841.529043 sending message 112 to peer 0x59216993af30 (13 bytes)
1769397841.529047 sending message 112 to peer 0x59216993af30 (13 bytes)
1769397841.529051 sending message 112 to peer 0x59216993af30 (11 bytes)
1769397841.529055 sending message 112 to peer 0x59216993af30 (12 bytes)
1769397841.529060 sending message 112 to peer 0x59216993af30 (12 bytes)
1769397841.529065 sending message 112 to peer 0x59216993af30 (12 bytes)
1769397841.529070 sending message 112 to peer 0x59216993af30 (12 bytes)
1769397841.529075 sending message 112 to peer 0x59216993af30 (12 bytes)
1769397841.529079 sending message 112 to peer 0x59216993af30 (21 bytes)
1769397841.529084 sending message 112 to peer 0x59216993af30 (12 bytes)
1769397841.529089 sending message 112 to peer 0x59216993af30 (9 bytes)
1769397841.529094 sending message 112 to peer 0x59216993af30 (6 bytes)
1769397841.529099 sending message 112 to peer 0x59216993af30 (13 bytes)
1769397841.529104 sending message 112 to peer 0x59216993af30 (10 bytes)
1769397841.529108 sending message 112 to peer 0x59216993af30 (24 bytes)
1769397841.529113 sending message 112 to peer 0x59216993af30 (13 bytes)
1769397841.529118 sending message 112 to peer 0x59216993af30 (9 bytes)
1769397841.529123 sending message 112 to peer 0x59216993af30 (70 bytes)
1769397841.529128 sending message 112 to peer 0x59216993af30 (69 bytes)
1769397841.529132 sending message 112 to peer 0x59216993af30 (12 bytes)
1769397841.529137 sending message 112 to peer 0x59216993af30 (10 bytes)
1769397841.529142 sending message 112 to peer 0x59216993af30 (10 bytes)
1769397841.529147 sending message 112 to peer 0x59216993af30 (24 bytes)
1769397841.529152 sending message 112 to peer 0x59216993af30 (13 bytes)
1769397841.529155 sending message 112 to peer 0x59216993af30 (10 bytes)
1769397841.529159 sending message 112 to peer 0x59216993af30 (10 bytes)
1769397841.529163 sending message 112 to peer 0x59216993af30 (10 bytes)
1769397841.529167 sending message 112 to peer 0x59216993af30 (13 bytes)
1769397841.529171 sending message 112 to peer 0x59216993af30 (15 bytes)
1769397841.529176 sending message 112 to peer 0x59216993af30 (5 bytes)
1769397841.529182 sending message 104 to peer 0x59216993af30 (0 bytes)
1769397841.529187 sending message 110 to peer 0x59216993af30 (0 bytes)
1769397841.529192 sending message 107 to peer 0x59216993af30 (4 bytes)
1769397841.529196 sending message 105 to peer 0x59216993af30 (16 bytes)
1769397841.529200 sending message 105 to peer 0x59216993af30 (20 bytes)
1769397841.529205 sending message 105 to peer 0x59216993af30 (28 bytes)
1769397841.529210 sending message 105 to peer 0x59216993af30 (20 bytes)
1769397841.529215 sending message 105 to peer 0x59216993af30 (45 bytes)
1769397841.529219 sending message 105 to peer 0x59216993af30 (24 bytes)
1769397841.529224 sending message 105 to peer 0x59216993af30 (32 bytes)
1769397841.529229 sending message 105 to peer 0x59216993af30 (11 bytes)
1769397841.529234 sending message 105 to peer 0x59216993af30 (21 bytes)
1769397841.529241 sending message 105 to peer 0x59216993af30 (34 bytes)
1769397841.529245 sending message 105 to peer 0x59216993af30 (108 bytes)
1769397841.529249 sending message 105 to peer 0x59216993af30 (14 bytes)
1769397841.529252 sending message 105 to peer 0x59216993af30 (17 bytes)
1769397841.529256 sending message 105 to peer 0x59216993af30 (45 bytes)
1769397841.529262 sending message 105 to peer 0x59216993af30 (122 bytes)
1769397841.529267 sending message 105 to peer 0x59216993af30 (91 bytes)
1769397841.529271 sending message 105 to peer 0x59216993af30 (53 bytes)
1769397841.529276 sending message 105 to peer 0x59216993af30 (31 bytes)
1769397841.529281 sending message 105 to peer 0x59216993af30 (31 bytes)
1769397841.529285 sending message 105 to peer 0x59216993af30 (76 bytes)
1769397841.529289 sending message 105 to peer 0x59216993af30 (39 bytes)
1769397841.529293 sending message 105 to peer 0x59216993af30 (23 bytes)
1769397841.529296 sending message 105 to peer 0x59216993af30 (20 bytes)
1769397841.529301 sending message 105 to peer 0x59216993af30 (8 bytes)
1769397841.529306 sending message 105 to peer 0x59216993af30 (64 bytes)
1769397841.529311 sending message 105 to peer 0x59216993af30 (8 bytes)
1769397841.529315 sending message 105 to peer 0x59216993af30 (19 bytes)
1769397841.529321 sending message 105 to peer 0x59216993af30 (27 bytes)
1769397841.529325 sending message 105 to peer 0x59216993af30 (31 bytes)
1769397841.529330 sending message 105 to peer 0x59216993af30 (105 bytes)
1769397841.529335 sending message 105 to peer 0x59216993af30 (35 bytes)
1769397841.529340 sending message 105 to peer 0x59216993af30 (47 bytes)
1769397841.529344 sending message 105 to peer 0x59216993af30 (26 bytes)
1769397841.529349 sending message 105 to peer 0x59216993af30 (139 bytes)
1769397841.529354 sending message 105 to peer 0x59216993af30 (82 bytes)
1769397841.529359 sending message 105 to peer 0x59216993af30 (110 bytes)
1769397841.529364 sending message 105 to peer 0x59216993af30 (584 bytes)
1769397841.529369 sending message 105 to peer 0x59216993af30 (54 bytes)
1769397841.529373 sending message 105 to peer 0x59216993af30 (45 bytes)
1769397841.529378 sending message 105 to peer 0x59216993af30 (23 bytes)
1769397841.529383 sending message 105 to peer 0x59216993af30 (24 bytes)
1769397841.529386 sending message 105 to peer 0x59216993af30 (20 bytes)
1769397841.529390 sending message 105 to peer 0x59216993af30 (88 bytes)
1769397841.529394 sending message 105 to peer 0x59216993af30 (16 bytes)
1769397841.529398 sending message 106 to peer 0x59216993af30 (0 bytes)
1769397841.529452 sending message 200 to peer 0x59216993af30 (4 bytes)
1769397841.529460 client loop enter
1769397841.529479 client_signal: Child exited
1769397841.597957 peer 0x59216993af30 message 207
1769397841.597977 sending message 208 to peer 0x59216993af30 (0 bytes)
1769397846.310974 peer 0x59216993af30 message 203
1769397846.310990 sending message 205 to peer 0x59216993af30 (0 bytes)
1769397846.311328 peer 0x59216993af30 message 204
1769397846.311352 client loop exit
